employee_id,first_name,last_name,email,department,position,salary,hire_date
1,John,Smith,john.smith@example.com,Engineering,Software Engineer,75000,2020-03-15
2,Jane,Doe,jane.doe@example.com,Marketing,Marketing Manager,82000,2019-07-22
3,Michael,Johnson,michael.johnson@example.com,Engineering,Senior Developer,95000,2018-11-05
9,James,Anderson,james.anderson@example.com,Engineering,DevOps Engineer,85000,2018-08-14